6
1
3
4 5 6 
18
1 2 a
1 3 b
1 3 c
2 2 a
2 4 b
2 3 c
3 3 a
3 3 b
3 3 c
4 5 a
4 4 b
4 6 c
5 5 a
5 3 b
5 3 c
6 3 a
6 3 b
6 6 c