4
1
2
1 4 
8
1 2 a
1 3 b
2 1 a
2 4 b
3 3 a
3 3 b
4 3 a
4 3 b