6
1
1
1

12
1 2 a
2 3 a
3 4 a
4 5 a
5 6 a
6 1 a
1 6 b
2 1 b
3 2 b
4 3 b
5 4 b
6 5 b