3
1
1
2 

6
1 2 a
1 2 b
2 3 a
2 3 b
3 3 a
3 3 b

///

a+b