4
1
3
1 2 3 

8
1 2 a
1 3 b
2 4 a
2 1 b
3 1 a
3 4 b
4 4 a
4 4 b

///

(ab+ba)*(#+a+b)